app/(dashboard)/admin/companies/page.tsx(80,47): error TS2322: Type '{ children: Element; title: string; style: { marginBottom: string; }; }' is not assignable to type 'IntrinsicAttributes & CardProps'.
  Property 'style' does not exist on type 'IntrinsicAttributes & CardProps'.
app/(dashboard)/admin/drives/page.tsx(110,58): error TS2322: Type '{ children: Element; title: string; style: { marginBottom: string; }; }' is not assignable to type 'IntrinsicAttributes & CardProps'.
  Property 'style' does not exist on type 'IntrinsicAttributes & CardProps'.
app/(dashboard)/admin/students/page.tsx(47,35): error TS2322: Type '{ children: Element[]; title: string; style: { marginBottom: string; }; }' is not assignable to type 'IntrinsicAttributes & CardProps'.
  Property 'style' does not exist on type 'IntrinsicAttributes & CardProps'.
app/api/applications/route.ts(124,18): error TS18047: 'drive.allowedDepartments' is possibly 'null'.
app/api/applications/route.ts(124,43): error TS2339: Property 'includes' does not exist on type 'string | number | boolean | JsonObject | JsonArray'.
  Property 'includes' does not exist on type 'number'.
app/api/drives/route.ts(41,43): error TS2353: Object literal may only specify known properties, and 'has' does not exist in type 'JsonFilter<"PlacementDrive">'.
app/api/profile/route.ts(60,13): error TS2322: Type '{ userId: string; domain: string; }[]' is not assignable to type 'StudentInterestCreateManyInput | StudentInterestCreateManyInput[]'.
  Type '{ userId: string; domain: string; }[]' is not assignable to type 'StudentInterestCreateManyInput[]'.
    Type '{ userId: string; domain: string; }' is not assignable to type 'StudentInterestCreateManyInput'.
      Types of property 'domain' are incompatible.
        Type 'string' is not assignable to type 'Domain'.
